Component: ARM Compiler 5.05 update 1 (build 106) Tool: armlink [4d0efa]

==============================================================================

Section Cross References

    main.o(.text) refers to _printf_percent.o(.ARM.Collect$$_printf_percent$$00000000) for _printf_percent
    main.o(.text) refers to _printf_d.o(.ARM.Collect$$_printf_percent$$00000009) for _printf_d
    main.o(.text) refers to _printf_dec.o(.text) for _printf_int_dec
    main.o(.text) refers to sram.o(.text) for FSMC_SRAM_Init
    main.o(.text) refers to malloc.o(.text) for my_mem_init
    main.o(.text) refers to piclib.o(.text) for piclib_init
    main.o(.text) refers to exfuns.o(.text) for exfuns_init
    main.o(.text) refers to delay.o(.text) for delay_init
    main.o(.text) refers to usart.o(.text) for uart_init
    main.o(.text) refers to led.o(.text) for LED_Init
    main.o(.text) refers to tpad.o(.text) for TPAD_Init
    main.o(.text) refers to lcd.o(.text) for LCD_Init
    main.o(.text) refers to gui.o(.text) for gui_init
    main.o(.text) refers to rtc.o(.text) for My_RTC_Init
    main.o(.text) refers to adc.o(.text) for Adc_Init
    main.o(.text) refers to beep.o(.text) for BEEP_Init
    main.o(.text) refers to 24cxx.o(.text) for AT24CXX_Init
    main.o(.text) refers to wm8978.o(.text) for WM8978_Init
    main.o(.text) refers to misc.o(.text) for NVIC_PriorityGroupConfig
    main.o(.text) refers to fontupd.o(.text) for font_init
    main.o(.text) refers to w25qxx.o(.text) for W25QXX_Init
    main.o(.text) refers to ff.o(.text) for f_mount
    main.o(.text) refers to file.o(.text) for font_set
    main.o(.text) refers to alarm.o(.text) for alarm_init
    main.o(.text) refers to calendar.o(.text) for calendar_play
    main.o(.text) refers to noretval__2printf.o(.text) for __2printf
    main.o(.text) refers to display.o(.text) for setting_play
    main.o(.text) refers to touch.o(.data) for tp_dev
    main.o(.text) refers to usmart_config.o(.data) for usmart_dev
    main.o(.text) refers to exfuns.o(.bss) for fs
    main.o(.text) refers to lcd.o(.data) for BACK_COLOR
    main.o(.text) refers to alarm.o(.data) for Alarm_FLAG
    main.o(.text) refers to main.o(.conststring) for .conststring
    main.o(.text) refers to alarm.o(.bss) for Alarm
    main.o(.text) refers to calendar.o(.data) for RTC_DateStruct
    system_stm32f4xx.o(.text) refers to system_stm32f4xx.o(.data) for SystemCoreClock
    key.o(.text) refers to stm32f4xx_rcc.o(.text) for RCC_AHB1PeriphClockCmd
    key.o(.text) refers to stm32f4xx_gpio.o(.text) for GPIO_Init
    key.o(.text) refers to delay.o(.text) for delay_ms
    key.o(.text) refers to key.o(.data) for key_up
    lcd.o(.text) refers to _printf_percent.o(.ARM.Collect$$_printf_percent$$00000000) for _printf_percent
    lcd.o(.text) refers to _printf_x.o(.ARM.Collect$$_printf_percent$$0000000C) for _printf_x
    lcd.o(.text) refers to _printf_hex_int.o(.text) for _printf_longlong_hex
    lcd.o(.text) refers to delay.o(.text) for delay_us
    lcd.o(.text) refers to lcd.o(.bss) for lcddev
    lcd.o(.text) refers to lcd.o(.data) for POINT_COLOR
    lcd.o(.text) refers to dflt_clz.o(x$fpl$dfltu) for __aeabi_ui2d
    lcd.o(.text) refers to dmul.o(x$fpl$dmul) for __aeabi_dmul
    lcd.o(.text) refers to dfixu.o(x$fpl$dfixu) for __aeabi_d2uiz
    lcd.o(.text) refers to stm32f4xx_rcc.o(.text) for RCC_AHB1PeriphClockCmd
    lcd.o(.text) refers to stm32f4xx_gpio.o(.text) for GPIO_Init
    lcd.o(.text) refers to stm32f4xx_fsmc.o(.text) for FSMC_NORSRAMInit
    lcd.o(.text) refers to noretval__2printf.o(.text) for __2printf
    lcd.o(.text) refers to lcd.o(.constdata) for asc2_1206
    led.o(.text) refers to stm32f4xx_rcc.o(.text) for RCC_AHB1PeriphClockCmd
    led.o(.text) refers to stm32f4xx_gpio.o(.text) for GPIO_Init
    sdio_sdcard.o(.text) refers to stm32f4xx_sdio.o(.text) for SDIO_GetFlagStatus
    sdio_sdcard.o(.text) refers to sdio_sdcard.o(.data) for DeviceMode
    sdio_sdcard.o(.text) refers to sdio_sdcard.o(.bss) for SDIO_CmdInitStructure
    sdio_sdcard.o(.text) refers to stm32f4xx_rcc.o(.text) for RCC_AHB1PeriphClockCmd
    sdio_sdcard.o(.text) refers to stm32f4xx_gpio.o(.text) for GPIO_Init
    sdio_sdcard.o(.text) refers to misc.o(.text) for NVIC_Init
    sdio_sdcard.o(.text) refers to stm32f4xx_dma.o(.text) for DMA_GetCmdStatus
    sdio_sdcard.o(.text) refers to sys.o(.emb_text) for INTX_DISABLE
    sdio_sdcard.o(.text) refers to rt_memcpy_v6.o(.text) for __aeabi_memcpy
    spi.o(.text) refers to stm32f4xx_spi.o(.text) for SPI_I2S_GetFlagStatus
    spi.o(.text) refers to stm32f4xx_rcc.o(.text) for RCC_AHB1PeriphClockCmd
    spi.o(.text) refers to stm32f4xx_gpio.o(.text) for GPIO_Init
    sram.o(.text) refers to stm32f4xx_rcc.o(.text) for RCC_AHB1PeriphClockCmd
    sram.o(.text) refers to stm32f4xx_gpio.o(.text) for GPIO_Init
    sram.o(.text) refers to stm32f4xx_fsmc.o(.text) for FSMC_NORSRAMInit
[...]
    gui_disabs                               0x0801084f   Thumb Code    14  gui.o(.text)
    gui_alpha_blend565                       0x0801085d   Thumb Code    42  gui.o(.text)
    gui_alphablend_area                      0x08010887   Thumb Code    92  gui.o(.text)
    gui_draw_bigpoint                        0x080108e3   Thumb Code    84  gui.o(.text)
    gui_draw_line                            0x08010937   Thumb Code   176  gui.o(.text)
    gui_draw_hline                           0x080109e7   Thumb Code    60  gui.o(.text)
    gui_fill_circle                          0x08010a23   Thumb Code   218  gui.o(.text)
    gui_draw_bline                           0x08010afd   Thumb Code   230  gui.o(.text)
    gui_draw_bline1                          0x08010be3   Thumb Code   358  gui.o(.text)
    gui_draw_vline                           0x08010d49   Thumb Code    60  gui.o(.text)
    gui_fill_colorblock                      0x08010d85   Thumb Code    98  gui.o(.text)
    gui_smooth_color                         0x08010de7   Thumb Code   140  gui.o(.text)
    gui_memin_free                           0x08010e73   Thumb Code    16  gui.o(.text)
    gui_memin_malloc                         0x08010e83   Thumb Code    14  gui.o(.text)
    gui_draw_smooth_rectangle                0x08010e91   Thumb Code   108  gui.o(.text)
    gui_draw_rectangle                       0x08010efd   Thumb Code    82  gui.o(.text)
    gui_draw_expoint                         0x08010f4f   Thumb Code    62  gui.o(.text)
    gui_draw_circle8                         0x08010f8d   Thumb Code   232  gui.o(.text)
    gui_draw_arc                             0x08011075   Thumb Code   112  gui.o(.text)
    gui_fill_rectangle                       0x080110e5   Thumb Code    56  gui.o(.text)
    gui_draw_arcrectangle                    0x0801111d   Thumb Code   674  gui.o(.text)
    gui_draw_icos                            0x080113bf   Thumb Code   150  gui.o(.text)
    gui_draw_icosalpha                       0x08011455   Thumb Code   172  gui.o(.text)
    gui_draw_ellipse                         0x08011501   Thumb Code   334  gui.o(.text)
    gui_fill_ellipse                         0x0801164f   Thumb Code   162  gui.o(.text)
    gui_show_ptfont                          0x080116f1   Thumb Code   298  gui.o(.text)
    gui_show_ptchar                          0x0801181b   Thumb Code   450  gui.o(.text)
    gui_show_ptstr                           0x080119dd   Thumb Code   300  gui.o(.text)
    gui_show_strmid                          0x08011b09   Thumb Code   160  gui.o(.text)
    gui_show_num                             0x08011ba9   Thumb Code   304  gui.o(.text)
    gui_num2str                              0x08011cd9   Thumb Code   112  gui.o(.text)
    gui_show_ptstrwhiterim                   0x08011d49   Thumb Code    76  gui.o(.text)
    gui_path_name                            0x08011d95   Thumb Code    42  gui.o(.text)
    gui_get_stringline                       0x08011dbf   Thumb Code   132  gui.o(.text)
    gui_show_string                          0x08011e43   Thumb Code   258  gui.o(.text)
    gui_string_forwardgbk_count              0x08011f45   Thumb Code    28  gui.o(.text)
    gui_memset                               0x08011f61   Thumb Code    18  gui.o(.text)
    gui_memex_malloc                         0x08011f73   Thumb Code    14  gui.o(.text)
    gui_memex_free                           0x08011f81   Thumb Code    16  gui.o(.text)
    gui_memin_realloc                        0x08011f91   Thumb Code    18  gui.o(.text)
    listbox_creat                            0x08011fa9   Thumb Code   200  listbox.o(.text)
    list_search                              0x08012071   Thumb Code    52  listbox.o(.text)
    listbox_delete                           0x080120a5   Thumb Code    54  listbox.o(.text)
    listbox_2click_hook                      0x080120db   Thumb Code     2  listbox.o(.text)
    listbox_draw_list                        0x080120dd   Thumb Code   320  listbox.o(.text)
    listbox_draw_listbox                     0x0801221d   Thumb Code    46  listbox.o(.text)
    listbox_check                            0x0801224b   Thumb Code  1426  listbox.o(.text)
    listbox_addlist                          0x080127dd   Thumb Code   120  listbox.o(.text)
    scrollbar_creat                          0x08012859   Thumb Code   136  scrollbar.o(.text)
    scrollbar_delete                         0x080128e1   Thumb Code    12  scrollbar.o(.text)
    scrollbar_hook                           0x080128ed   Thumb Code     2  scrollbar.o(.text)
    scrollbar_draw_sign                      0x080128ef   Thumb Code    82  scrollbar.o(.text)
    scrollbar_draw_btn                       0x08012941   Thumb Code    96  scrollbar.o(.text)
    scrollbar_setpos                         0x080129a1   Thumb Code   336  scrollbar.o(.text)
    scrollbar_check                          0x08012af1   Thumb Code   788  scrollbar.o(.text)
    scrollbar_draw_scrollbar                 0x08012e05   Thumb Code   280  scrollbar.o(.text)
    test_scb                                 0x08012f1d   Thumb Code    90  scrollbar.o(.text)
    window_read_backcolor                    0x08012f79   Thumb Code    72  window.o(.text)
    window_recover_backcolor                 0x08012fc1   Thumb Code    72  window.o(.text)
    window_delete                            0x08013009   Thumb Code    42  window.o(.text)
    window_creat                             0x08013033   Thumb Code   316  window.o(.text)
    window_draw                              0x0801316f   Thumb Code   566  window.o(.text)
    window_msg_box                           0x080133a5   Thumb Code   734  window.o(.text)
    win_test                                 0x08013683   Thumb Code    74  window.o(.text)
    mymemcpy                                 0x080136e5   Thumb Code    26  malloc.o(.text)
    mymemset                                 0x080136ff   Thumb Code    20  malloc.o(.text)
    my_mem_init                              0x08013713   Thumb Code    54  malloc.o(.text)
    my_mem_perused                           0x08013749   Thumb Code    54  malloc.o(.text)
    my_mem_malloc                            0x0801377f   Thumb Code   154  malloc.o(.text)
    my_mem_free                              0x08013819   Thumb Code    94  malloc.o(.text)
    myfree                                   0x08013877   Thumb Code    32  malloc.o(.text)
    mymalloc                                 0x08013897   Thumb Code    36  malloc.o(.text)
    myrealloc                                0x080138bb   Thumb Code    68  malloc.o(.text)
    disk_initialize                          0x08013911   Thumb Code    52  diskio.o(.text)
    disk_status                              0x08013945   Thumb Code     6  diskio.o(.text)
    disk_read                                0x0801394b   Thumb Code   122  diskio.o(.text)
    disk_write                               0x080139c5   Thumb Code   122  diskio.o(.text)
    disk_ioctl                               0x08013a3f   Thumb Code   170  diskio.o(.text)
    get_fattime                              0x08013ae9   Thumb Code     4  diskio.o(.text)
    ff_memalloc                              0x08013aed   Thumb Code    14  diskio.o(.text)
    ff_memfree                               0x08013afb   Thumb Code    14  diskio.o(.text)
    clust2sect                               0x08013cbf   Thumb Code    26  ff.o(.text)
    get_fat                                  0x08013cd9   Thumb Code   232  ff.o(.text)
    put_fat                                  0x08013dc1   Thumb Code   310  ff.o(.text)
    dir_sdi                                  0x0801406b   Thumb Code   158  ff.o(.text)
    f_mount                                  0x080150dd   Thumb Code    86  ff.o(.text)
    f_open                                   0x08015133   Thumb Code   384  ff.o(.text)
    f_read                                   0x080152b3   Thumb Code   448  ff.o(.text)
    f_write                                  0x08015473   Thumb Code   490  ff.o(.text)
    f_sync                                   0x0801565d   Thumb Code   176  ff.o(.text)
    f_close                                  0x0801570d   Thumb Code    36  ff.o(.text)
    f_lseek                                  0x08015731   Thumb Code   654  ff.o(.text)
    f_opendir                                0x080159bf   Thumb Code   136  ff.o(.text)
    f_closedir                               0x08015a47   Thumb Code    22  ff.o(.text)
    f_readdir                                0x08015a5d   Thumb Code   114  ff.o(.text)
    f_stat                                   0x08015acf   Thumb Code    84  ff.o(.text)
    f_getfree                                0x08015b23   Thumb Code   258  ff.o(.text)
    f_truncate                               0x08015c25   Thumb Code   184  ff.o(.text)
    f_unlink                                 0x08015cdd   Thumb Code   194  ff.o(.text)
    f_mkdir                                  0x08015d9f   Thumb Code   380  ff.o(.text)
    f_chmod                                  0x08015f1b   Thumb Code   112  ff.o(.text)
    f_utime                                  0x08015f8b   Thumb Code   110  ff.o(.text)
    f_rename                                 0x08015ff9   Thumb Code   314  ff.o(.text)
    f_getlabel                               0x08016133   Thumb Code   190  ff.o(.text)
    f_setlabel                               0x080161f1   Thumb Code   470  ff.o(.text)
    f_mkfs                                   0x080163c7   Thumb Code  1570  ff.o(.text)
    f_gets                                   0x080169e9   Thumb Code    82  ff.o(.text)
    f_putc                                   0x08016a7f   Thumb Code    64  ff.o(.text)
    f_puts                                   0x08016abf   Thumb Code    74  ff.o(.text)
    f_printf                                 0x08016b09   Thumb Code   674  ff.o(.text)
    ff_convert                               0x08016dad   Thumb Code   116  cc936.o(.text)
    ff_wtoupper                              0x08016e21   Thumb Code    46  cc936.o(.text)
    exfuns_init                              0x08016e61   Thumb Code   114  exfuns.o(.text)
    char_upper                               0x08016ed3   Thumb Code    26  exfuns.o(.text)
    f_typetell                               0x08016eed   Thumb Code   172  exfuns.o(.text)
    exf_getfree                              0x08016f99   Thumb Code    74  exfuns.o(.text)
    exf_copy                                 0x08016fe3   Thumb Code   310  exfuns.o(.text)
    exf_get_src_dname                        0x08017119   Thumb Code    46  exfuns.o(.text)
    exf_fdsize                               0x08017147   Thumb Code   290  exfuns.o(.text)
    exf_fdcopy                               0x08017269   Thumb Code   516  exfuns.o(.text)
    fupd_prog                                0x0801746d   Thumb Code   148  fontupd.o(.text)
    updata_fontx                             0x08017501   Thumb Code   346  fontupd.o(.text)
    update_font                              0x0801765b   Thumb Code   884  fontupd.o(.text)
    font_init                                0x080179cf   Thumb Code    64  fontupd.o(.text)
    Get_HzMat                                0x08017a4d   Thumb Code   220  text.o(.text)
    Show_Font                                0x08017b29   Thumb Code   190  text.o(.text)
    Show_Str                                 0x08017be7   Thumb Code   192  text.o(.text)
    Show_Str_Mid                             0x08017ca7   Thumb Code   106  text.o(.text)
    stdbmp_decode                            0x08017d21   Thumb Code   712  bmp.o(.text)
    minibmp_decode                           0x08017fe9   Thumb Code   976  bmp.o(.text)
    bmp_encode                               0x080183b9   Thumb Code   500  bmp.o(.text)
    gif_check_head                           0x080185ad   Thumb Code    88  gif.o(.text)
    gif_getrgb565                            0x08018605   Thumb Code    28  gif.o(.text)
    gif_readcolortbl                         0x08018621   Thumb Code    64  gif.o(.text)
    gif_getinfo                              0x08018661   Thumb Code    70  gif.o(.text)
    gif_savegctbl                            0x080186a7   Thumb Code    38  gif.o(.text)
    gif_recovergctbl                         0x080186cd   Thumb Code    38  gif.o(.text)
    gif_initlzw                              0x080186f3   Thumb Code   152  gif.o(.text)
    gif_getdatablock                         0x0801878b   Thumb Code    96  gif.o(.text)
    gif_readextension                        0x080187eb   Thumb Code   160  gif.o(.text)
    gif_getnextcode                          0x0801888b   Thumb Code   452  gif.o(.text)
    gif_getnextbyte                          0x08018a4f   Thumb Code   856  gif.o(.text)
    gif_dispimage                            0x08018da7   Thumb Code   544  gif.o(.text)
    gif_clear2bkcolor                        0x08018fc7   Thumb Code   496  gif.o(.text)
    gif_drawimage                            0x080191b7   Thumb Code   352  gif.o(.text)
    gif_quit                                 0x08019317   Thumb Code     8  gif.o(.text)
    gif_decode                               0x0801931f   Thumb Code   296  gif.o(.text)
    piclib_draw_hline                        0x0801944d   Thumb Code    52  piclib.o(.text)
    piclib_fill_color                        0x08019481   Thumb Code    44  piclib.o(.text)
    piclib_init                              0x080194ad   Thumb Code    62  piclib.o(.text)
    piclib_alpha_blend                       0x080194eb   Thumb Code    42  piclib.o(.text)
    ai_draw_init                             0x08019515   Thumb Code   216  piclib.o(.text)
    is_element_ok                            0x080195ed   Thumb Code    36  piclib.o(.text)
    ai_load_picfile                          0x08019611   Thumb Code   194  piclib.o(.text)
    pic_memalloc                             0x080196d3   Thumb Code    14  piclib.o(.text)
    pic_memfree                              0x080196e1   Thumb Code    14  piclib.o(.text)
    jd_prepare                               0x0801a2b1   Thumb Code   924  tjpgd.o(.text)
    jd_decomp                                0x0801a64d   Thumb Code   162  tjpgd.o(.text)
    jpeg_mallocall                           0x0801a6ef   Thumb Code    70  tjpgd.o(.text)
    jpeg_freeall                             0x0801a735   Thumb Code    28  tjpgd.o(.text)
    jpeg_in_func                             0x0801a751   Thumb Code    48  tjpgd.o(.text)
    jpeg_out_func_fill                       0x0801a781   Thumb Code    74  tjpgd.o(.text)
    jpeg_out_func_point                      0x0801a7cb   Thumb Code   182  tjpgd.o(.text)
    jpg_decode                               0x0801a881   Thumb Code   234  tjpgd.o(.text)
    app_show_nummid                          0x0801a981   Thumb Code   110  setting.o(.text)
    sysset_time_set                          0x0801a9ef   Thumb Code  1196  setting.o(.text)
    sysset_is_leap_year                      0x0801ae9b   Thumb Code    58  setting.o(.text)
    sysset_date_set                          0x0801aed5   Thumb Code  1702  setting.o(.text)
    app_gui_tcbar                            0x0801b57b   Thumb Code   158  setting.o(.text)
    app_filebrower                           0x0801b619   Thumb Code   102  setting.o(.text)
    app_listbox_select                       0x0801b67f   Thumb Code   546  setting.o(.text)
    set_search_caption                       0x0801b8a1   Thumb Code    18  setting.o(.text)
    app_items_sel                            0x0801b8b3   Thumb Code  2698  setting.o(.text)
    calendar_date_refresh                    0x0801c355   Thumb Code   384  calendar.o(.text)
    calendar_circle_clock_drawpanel          0x0801c4d5   Thumb Code  2444  calendar.o(.text)
    calendar_circle_clock_showtime           0x0801ce61   Thumb Code  3854  calendar.o(.text)
    calendar_ring                            0x0801dd6f   Thumb Code    46  calendar.o(.text)
    temperature_show                         0x0801dd9d   Thumb Code   398  calendar.o(.text)
    calendar_play                            0x0801df2b   Thumb Code   626  calendar.o(.text)
    alarm_play                               0x0801e19d   Thumb Code   454  display.o(.text)
    setting_play                             0x0801e363   Thumb Code  1640  display.o(.text)
    spb_load_icos                            0x0801ea79   Thumb Code   336  spb.o(.text)
    spb_init                                 0x0801ebc9   Thumb Code  1938  spb.o(.text)
    spb_delete                               0x0801f35b   Thumb Code    22  spb.o(.text)
    spb_load_micos                           0x0801f371   Thumb Code   262  spb.o(.text)
    spb_gsm_signal_show                      0x0801f477   Thumb Code    94  spb.o(.text)
    spb_frame_move                           0x0801f4d5   Thumb Code    90  spb.o(.text)
    spb_unsel_micos                          0x0801f52f   Thumb Code   278  spb.o(.text)
    spb_set_sel                              0x0801f645   Thumb Code   766  spb.o(.text)
    spb_move_chk                             0x0801f943   Thumb Code  1682  spb.o(.text)
    app_get_icopath                          0x0801ffd5   Thumb Code    38  spb.o(.text)
    app_show_items                           0x0801fffb   Thumb Code   152  spb.o(.text)
    app_draw_smooth_line                     0x08020093   Thumb Code    78  spb.o(.text)
    app_tp_is_in_area                        0x080200e1   Thumb Code    42  spb.o(.text)
    gui_notice                               0x08020111   Thumb Code   604  mynotice.o(.text)
    myerror_notice                           0x0802036d   Thumb Code   212  mynotice.o(.text)
    font_set                                 0x080204b1   Thumb Code   236  file.o(.text)
    alarm_save                               0x080205c1   Thumb Code   126  alarm.o(.text)
    alarm_compare                            0x0802063f   Thumb Code    94  alarm.o(.text)
    alarm_sort                               0x0802069d   Thumb Code   220  alarm.o(.text)
    alarm_schedule                           0x08020779   Thumb Code   440  alarm.o(.text)
    alarm_read                               0x08020931   Thumb Code   104  alarm.o(.text)
    alarm_system                             0x08020999   Thumb Code   214  alarm.o(.text)
    alarm_init                               0x08020a6f   Thumb Code   238  alarm.o(.text)
    alarm_Set                                0x08020b5d   Thumb Code   202  alarm.o(.text)
    alarm_Get                                0x08020c27   Thumb Code    18  alarm.o(.text)
    alarm_delete                             0x08020c39   Thumb Code   214  alarm.o(.text)
    alarm_ring                               0x08020d0f   Thumb Code    32  alarm.o(.text)
    alarm_equal                              0x08020d2f   Thumb Code    58  alarm.o(.text)
    alarm_one_delay                          0x08020d69   Thumb Code   118  alarm.o(.text)
    mp3_id3v1_decode                         0x08020ec5   Thumb Code    64  mp3play.o(.text)
    mp3_id3v2_decode                         0x08020f05   Thumb Code   230  mp3play.o(.text)
    mp3_get_info                             0x08020feb   Thumb Code   528  mp3play.o(.text)
    mp3_get_curtime                          0x080211fb   Thumb Code    42  mp3play.o(.text)
    mp3_file_seek                            0x08021225   Thumb Code    38  mp3play.o(.text)
    MP3Player_I2S_DMA_TX_Callback            0x0802124b   Thumb Code    96  mp3play.o(.text)
    mp3PlayerDemo                            0x080212ab   Thumb Code  1636  mp3play.o(.text)
    xmp3_SetBitstreamPointer                 0x0802191d   Thumb Code    12  bitstream.o(.text)
    xmp3_GetBits                             0x080219b1   Thumb Code    80  bitstream.o(.text)
    xmp3_CalcBitsUsed                        0x08021a01   Thumb Code    18  bitstream.o(.text)
    xmp3_CheckPadBit                         0x08021a13   Thumb Code    28  bitstream.o(.text)
    xmp3_UnpackFrameHeader                   0x08021a2f   Thumb Code   476  bitstream.o(.text)
    xmp3_UnpackSideInfo                      0x08021c0b   Thumb Code   556  bitstream.o(.text)
    ClearBuffer                              0x08021e51   Thumb Code    22  buffers.o(.text)
    xmp3_FreeBuffers                         0x08021e67   Thumb Code   134  buffers.o(.text)
    xmp3_AllocateBuffers                     0x08021eed   Thumb Code   250  buffers.o(.text)
    xmp3_FDCT32                              0x08021fe9   Thumb Code  3372  dct32.o(.text)
    xmp3_Dequantize                          0x08022d31   Thumb Code   640  dequant.o(.text)
    xmp3_DequantChannel                      0x08023165   Thumb Code   662  dqchan.o(.text)
    xmp3_DecodeHuffman                       0x080238eb   Thumb Code   538  huffman.o(.text)
    xmp3_IMDCT                               0x0802493f   Thumb Code   522  imdct.o(.text)
    MP3InitDecoder                           0x08024b49   Thumb Code    12  mp3dec.o(.text)
    MP3FreeDecoder                           0x08024b55   Thumb Code    20  mp3dec.o(.text)
    MP3FindSyncWord                          0x08024b69   Thumb Code    44  mp3dec.o(.text)
    MP3GetLastFrameInfo                      0x08024bf9   Thumb Code    94  mp3dec.o(.text)
    MP3GetNextFrameInfo                      0x08024c57   Thumb Code    60  mp3dec.o(.text)
    MP3Decode                                0x08024cbd   Thumb Code   804  mp3dec.o(.text)
    xmp3_UnpackScaleFactors                  0x0802544b   Thumb Code   296  scalfact.o(.text)
    xmp3_MidSideProc                         0x08025575   Thumb Code   106  stproc.o(.text)
    xmp3_IntensityProcMPEG1                  0x080255df   Thumb Code   744  stproc.o(.text)
    xmp3_IntensityProcMPEG2                  0x080258c7   Thumb Code   718  stproc.o(.text)
    xmp3_Subband                             0x08025b99   Thumb Code   272  subband.o(.text)
    xmp3_MULSHIFT32                          0x08025cad   Thumb Code     6  asmmisc_rvds.o(.text)
    xmp3_FASTABS                             0x08025cb3   Thumb Code    16  asmmisc_rvds.o(.text)
    xmp3_PolyphaseStereo                     0x08025cc5   Thumb Code  1308  asmpoly_thumb2_rvds.o(.text)
    xmp3_PolyphaseMono                       0x080261e1   Thumb Code   754  asmpoly_thumb2_rvds.o(.text)
    __use_no_semihosting                     0x080264d3   Thumb Code     2  use_no_semi_2.o(.text)
    __aeabi_ldivmod                          0x080264d5   Thumb Code     0  llsdiv.o(.text)
    _ll_sdiv                                 0x080264d5   Thumb Code    72  llsdiv.o(.text)
    __2printf                                0x0802651d   Thumb Code    20  noretval__2printf.o(.text)
    _printf_pre_padding                      0x08026535   Thumb Code    44  _printf_pad.o(.text)
    _printf_post_padding                     0x08026561   Thumb Code    34  _printf_pad.o(.text)
    _printf_str                              0x08026583   Thumb Code    82  _printf_str.o(.text)
    _printf_int_dec                          0x080265d5   Thumb Code   104  _printf_dec.o(.text)
    _printf_int_hex                          0x0802664d   Thumb Code    84  _printf_hex_int.o(.text)
    _printf_longlong_hex                     0x0802664d   Thumb Code     0  _printf_hex_int.o(.text)
    __printf                                 0x080266a5   Thumb Code   388  __printf_flags_ss_wp.o(.text)
    strcpy                                   0x0802682d   Thumb Code    72  strcpy.o(.text)
    strlen                                   0x08026875   Thumb Code    62  strlen.o(.text)
    strncmp                                  0x080268b3   Thumb Code   150  strncmp.o(.text)
    strcat                                   0x08026949   Thumb Code    24  strcat.o(.text)
    __aeabi_memcpy                           0x08026961   Thumb Code     0  rt_memcpy_v6.o(.text)
    __rt_memcpy                              0x08026961   Thumb Code   138  rt_memcpy_v6.o(.text)
    _memcpy_lastbytes                        0x080269c7   Thumb Code     0  rt_memcpy_v6.o(.text)
    __aeabi_memmove                          0x080269eb   Thumb Code     0  rt_memmove_v6.o(.text)
    __rt_memmove                             0x080269eb   Thumb Code   132  rt_memmove_v6.o(.text)
    __memmove_lastfew                        0x08026a4b   Thumb Code     0  rt_memmove_v6.o(.text)
    __aeabi_memclr                           0x08026a6f   Thumb Code     0  rt_memclr.o(.text)
    __rt_memclr                              0x08026a6f   Thumb Code    68  rt_memclr.o(.text)
    _memset                                  0x08026a73   Thumb Code     0  rt_memclr.o(.text)
    strncpy                                  0x08026ab3   Thumb Code    86  strncpy.o(.text)
    strcmp                                   0x08026b09   Thumb Code   128  strcmpv7m.o(.text)
    __use_two_region_memory                  0x08026b89   Thumb Code     2  heapauxi.o(.text)
    __rt_heap_escrow$2region                 0x08026b8b   Thumb Code     2  heapauxi.o(.text)
    __rt_heap_expand$2region                 0x08026b8d   Thumb Code     2  heapauxi.o(.text)
    __I$use$semihosting                      0x08026b8f   Thumb Code     0  use_no_semi.o(.text)
    __use_no_semihosting_swi                 0x08026b8f   Thumb Code     2  use_no_semi.o(.text)
    __aeabi_uldivmod                         0x08026b91   Thumb Code     0  lludivv7m.o(.text)
    _ll_udiv                                 0x08026b91   Thumb Code   238  lludivv7m.o(.text)
    __read_errno                             0x08026c7f   Thumb Code    10  _rserrno.o(.text)
    __set_errno                              0x08026c89   Thumb Code    12  _rserrno.o(.text)
    _printf_int_common                       0x08026c95   Thumb Code   178  _printf_intcommon.o(.text)
    _printf_cs_common                        0x08026d47   Thumb Code    20  _printf_char.o(.text)
    _printf_char                             0x08026d5b   Thumb Code    16  _printf_char.o(.text)
    _printf_string                           0x08026d6b   Thumb Code     8  _printf_char.o(.text)
    _printf_char_file                        0x08026d75   Thumb Code    32  _printf_char_file.o(.text)
    __aeabi_memcpy4                          0x08026d99   Thumb Code     0  rt_memcpy_w.o(.text)
    __aeabi_memcpy8                          0x08026d99   Thumb Code     0  rt_memcpy_w.o(.text)
    __rt_memcpy_w                            0x08026d99   Thumb Code   100  rt_memcpy_w.o(.text)
    _memcpy_lastbytes_aligned                0x08026de1   Thumb Code     0  rt_memcpy_w.o(.text)
    __aeabi_memmove4                         0x08026dfd   Thumb Code     0  rt_memmove_w.o(.text)
    __aeabi_memmove8                         0x08026dfd   Thumb Code     0  rt_memmove_w.o(.text)
    __rt_memmove_w                           0x08026dfd   Thumb Code   122  rt_memmove_w.o(.text)
    __memmove_aligned                        0x08026e23   Thumb Code     0  rt_memmove_w.o(.text)
    __memmove_lastfew_aligned                0x08026e5b   Thumb Code     0  rt_memmove_w.o(.text)
    __aeabi_memclr4                          0x08026e77   Thumb Code     0  rt_memclr_w.o(.text)
    __aeabi_memclr8                          0x08026e77   Thumb Code     0  rt_memclr_w.o(.text)
    __rt_memclr_w                            0x08026e77   Thumb Code    78  rt_memclr_w.o(.text)
    _memset_w                                0x08026e7b   Thumb Code     0  rt_memclr_w.o(.text)
    __aeabi_errno_addr                       0x08026ec5   Thumb Code     8  rt_errno_addr_intlibspace.o(.text)
    __errno$intlibspace                      0x08026ec5   Thumb Code     0  rt_errno_addr_intlibspace.o(.text)
    __rt_errno_addr$intlibspace              0x08026ec5   Thumb Code     0  rt_errno_addr_intlibspace.o(.text)
    _printf_char_common                      0x08026ed7   Thumb Code    32  _printf_char_common.o(.text)
    ferror                                   0x08026efd   Thumb Code     8  ferror.o(.text)
    __user_libspace                          0x08026f05   Thumb Code     8  libspace.o(.text)
    __user_perproc_libspace                  0x08026f05   Thumb Code     0  libspace.o(.text)
    __user_perthread_libspace                0x08026f05   Thumb Code     0  libspace.o(.text)
    __user_setup_stackheap                   0x08026f0d   Thumb Code    74  sys_stackheap_outer.o(.text)
    exit                                     0x08026f57   Thumb Code    12  exit.o(.text)
    __ARM_fpclassify                         0x08026f63   Thumb Code    48  fpclassify.o(i.__ARM_fpclassify)
    __hardfp_cos                             0x08026f99   Thumb Code   180  cos.o(i.__hardfp_cos)
    __hardfp_sin                             0x08027061   Thumb Code   180  sin.o(i.__hardfp_sin)
    __hardfp_sqrt                            0x08027129   Thumb Code   122  sqrt.o(i.__hardfp_sqrt)
    __ieee754_rem_pio2                       0x080271a9   Thumb Code   938  rred.o(i.__ieee754_rem_pio2)
    __kernel_cos                             0x080275e1   Thumb Code   322  cos_i.o(i.__kernel_cos)
    __kernel_poly                            0x08027751   Thumb Code   248  poly.o(i.__kernel_poly)
    __kernel_sin                             0x08027849   Thumb Code   280  sin_i.o(i.__kernel_sin)
    __mathlib_dbl_infnan                     0x08027979   Thumb Code    20  dunder.o(i.__mathlib_dbl_infnan)
    __mathlib_dbl_invalid                    0x08027991   Thumb Code    24  dunder.o(i.__mathlib_dbl_invalid)
    __mathlib_dbl_underflow                  0x080279b1   Thumb Code    24  dunder.o(i.__mathlib_dbl_underflow)
    _is_digit                                0x080279d1   Thumb Code    14  __printf_wp.o(i._is_digit)
    fabs                                     0x080279df   Thumb Code    24  fabs.o(i.fabs)
    __aeabi_dneg                             0x080279f7   Thumb Code     0  basic.o(x$fpl$basic)
    _dneg                                    0x080279f7   Thumb Code     6  basic.o(x$fpl$basic)
    __aeabi_fneg                             0x080279fd   Thumb Code     0  basic.o(x$fpl$basic)
    _fneg                                    0x080279fd   Thumb Code     6  basic.o(x$fpl$basic)
    _dabs                                    0x08027a03   Thumb Code     6  basic.o(x$fpl$basic)
    _fabs                                    0x08027a09   Thumb Code     6  basic.o(x$fpl$basic)
    __aeabi_dadd                             0x08027a11   Thumb Code     0  daddsub_clz.o(x$fpl$dadd)
    _dadd                                    0x08027a11   Thumb Code   332  daddsub_clz.o(x$fpl$dadd)
    __fpl_dcmp_Inf                           0x08027b61   Thumb Code    24  dcmpi.o(x$fpl$dcmpinf)
    __aeabi_ddiv                             0x08027b79   Thumb Code     0  ddiv.o(x$fpl$ddiv)
    _ddiv                                    0x08027b79   Thumb Code   552  ddiv.o(x$fpl$ddiv)
    __aeabi_d2iz                             0x08027e29   Thumb Code     0  dfix.o(x$fpl$dfix)
    _dfix                                    0x08027e29   Thumb Code    94  dfix.o(x$fpl$dfix)
    __aeabi_d2uiz                            0x08027e89   Thumb Code     0  dfixu.o(x$fpl$dfixu)
    _dfixu                                   0x08027e89   Thumb Code    90  dfixu.o(x$fpl$dfixu)
    __aeabi_i2d                              0x08027ee3   Thumb Code     0  dflt_clz.o(x$fpl$dflt)
    _dflt                                    0x08027ee3   Thumb Code    46  dflt_clz.o(x$fpl$dflt)
    __aeabi_ui2d                             0x08027f11   Thumb Code     0  dflt_clz.o(x$fpl$dfltu)
    _dfltu                                   0x08027f11   Thumb Code    38  dflt_clz.o(x$fpl$dfltu)
    __aeabi_cdcmple                          0x08027f39   Thumb Code     0  dleqf.o(x$fpl$dleqf)
    _dcmple                                  0x08027f39   Thumb Code   120  dleqf.o(x$fpl$dleqf)
    __fpl_dcmple_InfNaN                      0x08027f9b   Thumb Code     0  dleqf.o(x$fpl$dleqf)
    __aeabi_dmul                             0x08027fb1   Thumb Code     0  dmul.o(x$fpl$dmul)
    _dmul                                    0x08027fb1   Thumb Code   332  dmul.o(x$fpl$dmul)
    __fpl_dnaninf                            0x08028105   Thumb Code   156  dnaninf.o(x$fpl$dnaninf)
    __fpl_dretinf                            0x080281a1   Thumb Code    12  dretinf.o(x$fpl$dretinf)
    __aeabi_cdrcmple                         0x080281ad   Thumb Code     0  drleqf.o(x$fpl$drleqf)
    _drcmple                                 0x080281ad   Thumb Code   108  drleqf.o(x$fpl$drleqf)
    __aeabi_drsub                            0x08028219   Thumb Code     0  daddsub_clz.o(x$fpl$drsb)
    _drsb                                    0x08028219   Thumb Code    22  daddsub_clz.o(x$fpl$drsb)
    _dsqrt                                   0x08028231   Thumb Code   404  dsqrt_umaal.o(x$fpl$dsqrt)
    __aeabi_dsub                             0x080283c9   Thumb Code     0  daddsub_clz.o(x$fpl$dsub)
    _dsub                                    0x080283c9   Thumb Code   464  daddsub_clz.o(x$fpl$dsub)
    __aeabi_f2d                              0x0802859d   Thumb Code     0  f2d.o(x$fpl$f2d)
    _f2d                                     0x0802859d   Thumb Code    86  f2d.o(x$fpl$f2d)
    __fpl_fnaninf                            0x080285f3   Thumb Code   140  fnaninf.o(x$fpl$fnaninf)
    _fp_init                                 0x0802867f   Thumb Code    10  fpinit.o(x$fpl$fpinit)
    __fplib_config_fpu_vfp                   0x08028687   Thumb Code     0  fpinit.o(x$fpl$fpinit)
    __fplib_config_pureend_doubles           0x08028687   Thumb Code     0  fpinit.o(x$fpl$fpinit)
    __I$use$fp                               0x08028688   Number         0  usenofp.o(x$fpl$usenofp)
    asc2_1206                                0x08028688   Data        1140  lcd.o(.constdata)
    asc2_1608                                0x08028afc   Data        1520  lcd.o(.constdata)
    asc2_2412                                0x080290ec   Data        3420  lcd.o(.constdata)
    FT5206_TPX_TBL                           0x08029e48   Data          10  ft5206.o(.constdata)
    GT9147_CFG_TBL                           0x08029e52   Data         184  gt9147.o(.constdata)
    GT9147_TPX_TBL                           0x08029f0a   Data          10  gt9147.o(.constdata)
    OTT_TPX_TBL                              0x08029f14   Data          10  ott2001a.o(.constdata)
    TP_REMIND_MSG_TBL                        0x08029f20   Data           4  touch.o(.constdata)
    table_week                               0x08029f24   Data          12  rtc.o(.constdata)
    I2S_PSC_TBL                              0x08029f30   Data         110  i2s.o(.constdata)
    FSMC_DefaultTimingStruct                 0x08029fa0   Data          28  stm32f4xx_fsmc.o(.constdata)
    icostbl_16                               0x08029fbc   Data        2560  gui.o(.constdata)
    icostbl_20                               0x0802a9bc   Data        4000  gui.o(.constdata)
    icostbl_28                               0x0802b95c   Data        7840  gui.o(.constdata)
    pathico_16                               0x0802d7fc   Data        2048  gui.o(.constdata)
    pathico_20                               0x0802dffc   Data        3200  gui.o(.constdata)
    pathico_28                               0x0802ec7c   Data        6272  gui.o(.constdata)
    GUI_OK_CAPTION_TBL                       0x080304fc   Data           4  gui.o(.constdata)
    GUI_OPTION_CAPTION_TBL                   0x08030500   Data           4  gui.o(.constdata)
    GUI_BACK_CAPTION_TBL                     0x08030504   Data           4  gui.o(.constdata)
    GUI_CANCEL_CAPTION_TBL                   0x08030508   Data           4  gui.o(.constdata)
    GUI_QUIT_CAPTION_TBL                     0x0803050c   Data           4  gui.o(.constdata)
    scrollsign                               0x08030510   Data          48  scrollbar.o(.constdata)
    memtblsize                               0x08030540   Data          12  malloc.o(.constdata)
    memblksize                               0x0803054c   Data          12  malloc.o(.constdata)
    memsize                                  0x08030558   Data          12  malloc.o(.constdata)
    FILE_TYPE_TBL                            0x0805b268   Data         112  exfuns.o(.constdata)
    GBK24_PATH                               0x0805b2d8   Data           4  fontupd.o(.constdata)
    GBK16_PATH                               0x0805b2dc   Data           4  fontupd.o(.constdata)
    GBK12_PATH                               0x0805b2e0   Data           4  fontupd.o(.constdata)
    UNIGBK_PATH                              0x0805b2e4   Data           4  fontupd.o(.constdata)
    _aMaskTbl                                0x0805b2e8   Data          32  gif.o(.constdata)
    _aInterlaceOffset                        0x0805b308   Data           4  gif.o(.constdata)
    _aInterlaceYPos                          0x0805b30c   Data           4  gif.o(.constdata)
    APP_OK_PIC                               0x0805b7d0   Data           4  setting.o(.constdata)
    APP_CANCEL_PIC                           0x0805b7d4   Data           4  setting.o(.constdata)
    APP_UNSELECT_PIC                         0x0805b7d8   Data           4  setting.o(.constdata)
    APP_SELECT_PIC                           0x0805b7dc   Data           4  setting.o(.constdata)
    week_table                               0x0805b7e0   Data          32  calendar.o(.constdata)
    calendar_week_table                      0x0805b800   Data          28  display.o(.constdata)
    alarm_tbl                                0x0805b81c   Data          32  display.o(.constdata)
    spb_bkpic_path_tbl                       0x0805b83c   Data          24  spb.o(.constdata)
    spb_icos_path_tbl                        0x0805b854   Data         192  spb.o(.constdata)
    spb_micos_path_tbl                       0x0805b914   Data          36  spb.o(.constdata)
    icos_name_tbl                            0x0805b938   Data          64  spb.o(.constdata)
    micos_name_tbl                           0x0805b978   Data          12  spb.o(.constdata)
    SPB_SD_ICO                               0x0805b984   Data          60  spb.o(.constdata)
    SPB_USB_ICO                              0x0805b9c0   Data          60  spb.o(.constdata)
    spb_sim900a_msg                          0x0805b9fc   Data          12  spb.o(.constdata)
    APP_ASCII_S6030                          0x0805ba08   Data           4  file.o(.constdata)
    APP_ASCII_5427                           0x0805ba0c   Data           4  file.o(.constdata)
    APP_ASCII_3618                           0x0805ba10   Data           4  file.o(.constdata)
    APP_ASCII_2814                           0x0805ba14   Data           4  file.o(.constdata)
    APP_MUSIC                                0x0805ba18   Data           4  file.o(.constdata)
    xmp3_huffTable                           0x0805bd2c   Data        8484  hufftabs.o(.constdata)
    xmp3_huffTabOffset                       0x0805de50   Data         128  hufftabs.o(.constdata)
    xmp3_huffTabLookup                       0x0805ded0   Data         256  hufftabs.o(.constdata)
    xmp3_quadTable                           0x0805dfd0   Data          80  hufftabs.o(.constdata)
    xmp3_quadTabOffset                       0x0805e020   Data           8  hufftabs.o(.constdata)
    xmp3_quadTabMaxBits                      0x0805e028   Data           8  hufftabs.o(.constdata)
    xmp3_samplerateTab                       0x0805e0a8   Data          36  mp3tabs.o(.constdata)
    xmp3_bitrateTab                          0x0805e0cc   Data         270  mp3tabs.o(.constdata)
    xmp3_samplesPerFrameTab                  0x0805e1da   Data          18  mp3tabs.o(.constdata)
    xmp3_bitsPerSlotTab                      0x0805e1ec   Data           6  mp3tabs.o(.constdata)
    xmp3_sideBytesTab                        0x0805e1f2   Data          12  mp3tabs.o(.constdata)
    xmp3_slotTab                             0x0805e1fe   Data         270  mp3tabs.o(.constdata)
    xmp3_sfBandTable                         0x0805e30c   Data         666  mp3tabs.o(.constdata)
    xmp3_imdctWin                            0x0805e610   Data         576  trigtabs.o(.constdata)
    xmp3_ISFMpeg1                            0x0805e850   Data          56  trigtabs.o(.constdata)
    xmp3_ISFMpeg2                            0x0805e888   Data         256  trigtabs.o(.constdata)
    xmp3_ISFIIP                              0x0805e988   Data          16  trigtabs.o(.constdata)
    xmp3_uniqueIDTab                         0x0805e998   Data           8  trigtabs.o(.constdata)
    xmp3_csa                                 0x0805e9a0   Data          64  trigtabs.o(.constdata)
    xmp3_coef32                              0x0805e9e0   Data         124  trigtabs.o(.constdata)
    xmp3_polyCoef                            0x0805ea5c   Data        1056  trigtabs.o(.constdata)
    Region$$Table$$Base                      0x0805fea0   Number         0  anon$$obj.o(Region$$Table)
    Region$$Table$$Limit                     0x0805fec0   Number         0  anon$$obj.o(Region$$Table)
    mem3base                                 0x10000000   Data       61440  malloc.o(.ARM.__AT_0x10000000)
    mem3mapbase                              0x1000f000   Data        3840  malloc.o(.ARM.__AT_0x1000F000)
    system_task_return                       0x20000014   Data           1  main.o(.data)
    SystemCoreClock                          0x20000018   Data           4  system_stm32f4xx.o(.data)
    AHBPrescTable                            0x2000001c   Data          16  system_stm32f4xx.o(.data)
    POINT_COLOR                              0x2000002e   Data           2  lcd.o(.data)
    BACK_COLOR                               0x20000030   Data           2  lcd.o(.data)
    TransferError                            0x2000003e   Data           1  sdio_sdcard.o(.data)
    TransferEnd                              0x2000003f   Data           1  sdio_sdcard.o(.data)
    tempbuff                                 0x20000040   Data           4  sdio_sdcard.o(.data)
    W25QXX_TYPE                              0x20000044   Data           2  w25qxx.o(.data)
    tpad_default_val                         0x20000046   Data           2  tpad.o(.data)
    tp_dev                                   0x2000004c   Data          52  touch.o(.data)
    CMD_RDX                                  0x20000080   Data           1  touch.o(.data)
    CMD_RDY                                  0x20000081   Data           1  touch.o(.data)
    NVIC_InitStructure                       0x20000096   Data           4  rtc.o(.data)
    sramlcdbuf                               0x2000009c   Data           4  spblcd.o(.data)
    i2s_tx_callback                          0x200000a0   Data           4  i2s.o(.data)
    __stdout                                 0x2000011c   Data           4  usart.o(.data)
    USART_RX_STA                             0x20000120   Data           2  usart.o(.data)
    sys_cmd_tab                              0x20000134   Data          28  usmart.o(.data)
    usmart_nametab                           0x20000150   Data          64  usmart_config.o(.data)
    usmart_dev                               0x20000190   Data         244  usmart_config.o(.data)
    in_obj                                   0x20000284   Data          14  gui.o(.data)
    mallco_dev                               0x20000294   Data          36  malloc.o(.data)
    FLASH_SECTOR_COUNT                       0x200002b8   Data           2  diskio.o(.data)
    file                                     0x200002bc   Data           4  exfuns.o(.data)
    ftemp                                    0x200002c0   Data           4  exfuns.o(.data)
    br                                       0x200002c4   Data           4  exfuns.o(.data)
    bw                                       0x200002c8   Data           4  exfuns.o(.data)
    fatbuf                                   0x200002cc   Data           4  exfuns.o(.data)
    gifdecoding                              0x200002d0   Data           1  gif.o(.data)
    f_jpeg                                   0x200002d4   Data           4  tjpgd.o(.data)
    jpeg_dev                                 0x200002d8   Data           4  tjpgd.o(.data)
    jpg_buffer                               0x200002dc   Data           4  tjpgd.o(.data)
    temp                                     0x200002f4   Data           2  calendar.o(.data)
    RTC_TimeStruct                           0x200002f6   Data           4  calendar.o(.data)
    RTC_DateStruct                           0x200002fa   Data           4  calendar.o(.data)
    asc2_s6030                               0x20000304   Data           4  file.o(.data)
    asc2_5427                                0x20000308   Data           4  file.o(.data)
    asc2_3618                                0x2000030c   Data           4  file.o(.data)
    asc2_2814                                0x20000310   Data           4  file.o(.data)
    SYSTEM_Alarm_SAVE_BASE                   0x20000328   Data           1  alarm.o(.data)
    SYSTEM_Alarm_SAVE_END                    0x20000329   Data           1  alarm.o(.data)
    SYSTEM_Alarm_NUM                         0x2000032a   Data           1  alarm.o(.data)
    wait_alarm                               0x2000032b   Data           8  alarm.o(.data)
    ring_id                                  0x20000333   Data           1  alarm.o(.data)
    Alarm_FLAG                               0x20000334   Data           1  alarm.o(.data)
    alarm_one_id                             0x20000335   Data           1  alarm.o(.data)
    is_first_alarm                           0x20000336   Data           1  alarm.o(.data)
    is_sort                                  0x20000337   Data           1  alarm.o(.data)
    mp3ctrl                                  0x20000348   Data           4  mp3play.o(.data)
    result                                   0x2000034c   Data           1  mp3play.o(.data)
    bw1                                      0x20000350   Data           4  mp3play.o(.data)
    lcddev                                   0x20000354   Data          14  lcd.o(.bss)
    SDIO_InitStructure                       0x20000368   Data          24  sdio_sdcard.o(.bss)
    SDIO_CmdInitStructure                    0x20000380   Data          20  sdio_sdcard.o(.bss)
    SDIO_DataInitStructure                   0x20000394   Data          24  sdio_sdcard.o(.bss)
    SDCardInfo                               0x200003d0   Data          88  sdio_sdcard.o(.bss)
    SDIO_DATA_BUFFER                         0x20000428   Data         512  sdio_sdcard.o(.bss)
    W25QXX_BUFFER                            0x20000628   Data        4096  w25qxx.o(.bss)
    USART_RX_BUF                             0x20001628   Data         200  usart.o(.bss)
    gui_phy                                  0x200016f0   Data          29  gui.o(.bss)
    mem1base                                 0x20001720   Data       102400  malloc.o(.bss)
    mem1mapbase                              0x2001a720   Data        6400  malloc.o(.bss)
    fs                                       0x2001c02c   Data          12  exfuns.o(.bss)
    fileinfo                                 0x2001c038   Data          32  exfuns.o(.bss)
    dir                                      0x2001c058   Data          36  exfuns.o(.bss)
    ftinfo                                   0x2001c07c   Data          33  fontupd.o(.bss)
    picinfo                                  0x2001c0a0   Data          40  piclib.o(.bss)
    pic_phy                                  0x2001c0c8   Data          20  piclib.o(.bss)
    spbdev                                   0x2001c0dc   Data         284  spb.o(.bss)
    Alarm                                    0x2001c1f8   Data          40  alarm.o(.bss)
    audiodev                                 0x2001c23c   Data          17  mp3play.o(.bss)
    inputbuf                                 0x2001c24d   Data        3000  mp3play.o(.bss)
    file_1                                   0x2001f208   Data         552  mp3play.o(.bss)
    __libspace_start                         0x2001f430   Data          96  libspace.o(.bss)
    __temporary_stack_top$libspace           0x2001f490   Data           0  libspace.o(.bss)
    mem2base                                 0x68000000   Data       983040  malloc.o(.ARM.__AT_0x68000000)
    mem2mapbase                              0x680f0000   Data       61440  malloc.o(.ARM.__AT_0x680F0000)



==============================================================================

Memory Map of the image

  Image Entry point : 0x08000189

  Load Region LR_IROM1 (Base: 0x08000000, Size: 0x00060214, Max: 0x00100000, ABSOLUTE, COMPRESSED[0x0005ffe4])

    Execution Region ER_IROM1 (Base: 0x08000000, Size: 0x0005fec0, Max: 0x00100000, ABSOLUTE)

    Base Addr    Size         Type   Attr      Idx    E Section Name        Object

    0x08000000   0x00000188   Data   RO          990    RESET               startup_stm32f40_41xxx.o
    0x08000188   0x00000008   Code   RO         2839  * !!!main             c_w.l(__main.o)
    0x08000190   0x00000034   Code   RO         3154    !!!scatter          c_w.l(__scatter.o)
    0x080001c4   0x0000005a   Code   RO         3152    !!dczerorl2         c_w.l(__dczerorl2.o)
    0x0800021e   0x00000002   PAD
    0x08000220   0x0000001c   Code   RO         3156    !!handler_zi        c_w.l(__scatter_zi.o)
    0x0800023c   0x00000000   Code   RO         2816    .ARM.Collect$$_printf_percent$$00000000  c_w.l(_printf_percent.o)
    0x0800023c   0x00000006   Code   RO         2814    .ARM.Collect$$_printf_percent$$00000009  c_w.l(_printf_d.o)
    0x08000242   0x00000006   Code   RO         2815    .ARM.Collect$$_printf_percent$$0000000A  c_w.l(_printf_u.o)
    0x08000248   0x00000006   Code   RO         2813    .ARM.Collect$$_printf_percent$$0000000C  c_w.l(_printf_x.o)
    0x0800024e   0x00000006   Code   RO         2811    .ARM.Collect$$_printf_percent$$00000013  c_w.l(_printf_c.o)
    0x08000254   0x00000006   Code   RO         2812    .ARM.Collect$$_printf_percent$$00000014  c_w.l(_printf_s.o)
    0x0800025a   0x00000004   Code   RO         2922    .ARM.Collect$$_printf_percent$$00000017  c_w.l(_printf_percent_end.o)
    0x0800025e   0x00000002   Code   RO         3026    .ARM.Collect$$libinit$$00000000  c_w.l(libinit.o)
    0x08000260   0x00000004   Code   RO         3033    .ARM.Collect$$libinit$$00000001  c_w.l(libinit2.o)
    0x08000264   0x00000000   Code   RO         3036    .ARM.Collect$$libinit$$00000004  c_w.l(libinit2.o)
    0x08000264   0x00000000   Code   RO         3039    .ARM.Collect$$libinit$$0000000A  c_w.l(libinit2.o)
    0x08000264   0x00000000   Code   RO         3041    .ARM.Collect$$libinit$$0000000C  c_w.l(libinit2.o)
    0x08000264   0x00000000   Code   RO         3043    .ARM.Collect$$libinit$$0000000E  c_w.l(libinit2.o)
    0x08000264   0x00000000   Code   RO         3046    .ARM.Collect$$libinit$$00000011  c_w.l(libinit2.o)
    0x08000264   0x00000000   Code   RO         3048    .ARM.Collect$$libinit$$00000013  c_w.l(libinit2.o)
    0x08000264   0x00000000   Code   RO         3050    .ARM.Collect$$libinit$$00000015  c_w.l(libinit2.o)
    0x08000264   0x00000000   Code   RO         3052    .ARM.Collect$$libinit$$00000017  c_w.l(libinit2.o)
    0x08000264   0x00000000   Code   RO         3054    .ARM.Collect$$libinit$$00000019  c_w.l(libinit2.o)
    0x08000264   0x00000000   Code   RO         3056    .ARM.Collect$$libinit$$0000001B  c_w.l(libinit2.o)
    0x08000264   0x00000000   Code   RO         3058    .ARM.Collect$$libinit$$0000001D  c_w.l(libinit2.o)
    0x08000264   0x00000000   Code   RO         3060    .ARM.Collect$$libinit$$0000001F  c_w.l(libinit2.o)
    0x08000264   0x00000000   Code   RO         3062    .ARM.Collect$$libinit$$00000021  c_w.l(libinit2.o)
    0x08000264   0x00000000   Code   RO         3064    .ARM.Collect$$libinit$$00000023  c_w.l(libinit2.o)
    0x08000264   0x00000000   Code   RO         3066    .ARM.Collect$$libinit$$00000025  c_w.l(libinit2.o)
    0x08000264   0x00000000   Code   RO         3070    .ARM.Collect$$libinit$$0000002C  c_w.l(libinit2.o)
    0x08000264   0x00000000   Code   RO         3072    .ARM.Collect$$libinit$$0000002E  c_w.l(libinit2.o)
    0x08000264   0x00000000   Code   RO         3074    .ARM.Collect$$libinit$$00000030  c_w.l(libinit2.o)
    0x08000264   0x00000000   Code   RO         3076    .ARM.Collect$$libinit$$00000032  c_w.l(libinit2.o)
    0x08000264   0x00000002   Code   RO         3077    .ARM.Collect$$libinit$$00000033  c_w.l(libinit2.o)
    0x08000266   0x00000002   Code   RO         3105    .ARM.Collect$$libshutdown$$00000000  c_w.l(libshutdown.o)
    0x08000268   0x00000000   Code   RO         3120    .ARM.Collect$$libshutdown$$00000003  c_w.l(libshutdown2.o)
    0x08000268   0x00000000   Code   RO         3123    .ARM.Collect$$libshutdown$$00000006  c_w.l(libshutdown2.o)
    0x08000268   0x00000000   Code   RO         3126    .ARM.Collect$$libshutdown$$00000009  c_w.l(libshutdown2.o)
    0x08000268   0x00000000   Code   RO         3128    .ARM.Collect$$libshutdown$$0000000B  c_w.l(libshutdown2.o)
    0x08000268   0x00000000   Code   RO         3131    .ARM.Collect$$libshutdown$$0000000E  c_w.l(libshutdown2.o)
    0x08000268   0x00000002   Code   RO         3132    .ARM.Collect$$libshutdown$$0000000F  c_w.l(libshutdown2.o)
    0x0800026a   0x00000000   Code   RO         2911    .ARM.Collect$$rtentry$$00000000  c_w.l(__rtentry.o)
    0x0800026a   0x00000000   Code   RO         2971    .ARM.Collect$$rtentry$$00000002  c_w.l(__rtentry2.o)
    0x0800026a   0x00000006   Code   RO         2983    .ARM.Collect$$rtentry$$00000004  c_w.l(__rtentry4.o)
    0x08000270   0x00000000   Code   RO         2973    .ARM.Collect$$rtentry$$00000009  c_w.l(__rtentry2.o)
    0x08000270   0x00000004   Code   RO         2974    .ARM.Collect$$rtentry$$0000000A  c_w.l(__rtentry2.o)
    0x08000274   0x00000000   Code   RO         2976    .ARM.Collect$$rtentry$$0000000C  c_w.l(__rtentry2.o)
    0x08000274   0x00000008   Code   RO         2977    .ARM.Collect$$rtentry$$0000000D  c_w.l(__rtentry2.o)
    0x0800027c   0x00000002   Code   RO         3027    .ARM.Collect$$rtexit$$00000000  c_w.l(rtexit.o)
    0x0800027e   0x00000000   Code   RO         3079    .ARM.Collect$$rtexit$$00000002  c_w.l(rtexit2.o)
    0x0800027e   0x00000004   Code   RO         3080    .ARM.Collect$$rtexit$$00000003  c_w.l(rtexit2.o)
    0x08000282   0x00000006   Code   RO         3081    .ARM.Collect$$rtexit$$00000004  c_w.l(rtexit2.o)
    0x08000288   0x00000010   Code   RO          941    .emb_text           sys.o
    0x08000298   0x000001a4   Code   RO            3    .text               main.o
    0x0800043c   0x0000001a   Code   RO          322    .text               stm32f4xx_it.o
    0x08000456   0x00000002   PAD
    0x08000458   0x00000210   Code   RO          371    .text               system_stm32f4xx.o
    0x08000668   0x00000104   Code   RO          397    .text               key.o
    0x0800076c   0x00004c80   Code   RO          418    .text               lcd.o
    0x080053ec   0x00000040   Code   RO          456    .text               led.o
    0x0800542c   0x00001d60   Code   RO          476    .text               sdio_sdcard.o
    0x0800718c   0x00000118   Code   RO          510    .text               spi.o
    0x080072a4   0x0000031c   Code   RO          533    .text               sram.o
    0x080075c0   0x00000388   Code   RO          553    .text               w25qxx.o
    0x08007948   0x0000017a   Code   RO          580    .text               24cxx.o
    0x08007ac2   0x00000002   PAD
    0x08007ac4   0x0000025c   Code   RO          600    .text               myiic.o
    0x08007d20   0x00000280   Code   RO          620    .text               tpad.o
    0x08007fa0   0x00000254   Code   RO          646    .text               ctiic.o
    0x080081f4   0x0000032c   Code   RO          669    .text               ft5206.o
    0x08008520   0x00000448   Code   RO          693    .text               gt9147.o
    0x08008968   0x00000388   Code   RO          717    .text               ott2001a.o
    0x08008cf0   0x000010e0   Code   RO          741    .text               touch.o
    0x08009dd0   0x000002b8   Code   RO          769    .text               rtc.o
    0x0800a088   0x00000040   Code   RO          797    .text               beep.o
    0x0800a0c8   0x000001b0   Code   RO          817    .text               adc.o
    0x0800a278   0x00000230   Code   RO          837    .text               spblcd.o
    0x0800a4a8   0x00000314   Code   RO          870    .text               i2s.o
    0x0800a7bc   0x00000424   Code   RO          897    .text               wm8978.o
    0x0800abe0   0x00000104   Code   RO          919    .text               delay.o
    0x0800ace4   0x00000148   Code   RO          959    .text               usart.o
    0x0800ae2c   0x00000040   Code   RO          991    .text               startup_stm32f40_41xxx.o
    0x0800ae6c   0x000000e0   Code   RO          997    .text               misc.o
    0x0800af4c   0x00000294   Code   RO         1017    .text               stm32f4xx_gpio.o
    0x0800b1e0   0x000005c8   Code   RO         1037    .text               stm32f4xx_fsmc.o
    0x0800b7a8   0x0000065c   Code   RO         1060    .text               stm32f4xx_rcc.o
    0x0800be04   0x00000454   Code   RO         1102    .text               stm32f4xx_usart.o
    0x0800c258   0x00000d68   Code   RO         1122    .text               stm32f4xx_rtc.o
    0x0800cfc0   0x00000110   Code   RO         1142    .text               stm32f4xx_exti.o
    0x0800d0d0   0x00000ca2   Code   RO         1162    .text               stm32f4xx_tim.o
    0x0800dd72   0x00000002   PAD
    0x0800dd74   0x0000016c   Code   RO         1182    .text               stm32f4xx_pwr.o
    0x0800dee0   0x00000464   Code   RO         1202    .text               stm32f4xx_adc.o
    0x0800e344   0x000003a8   Code   RO         1402    .text               stm32f4xx_dma.o
    0x0800e6ec   0x000001dc   Code   RO         1654    .text               stm32f4xx_sdio.o
    0x0800e8c8   0x00000480   Code   RO         1674    .text               stm32f4xx_spi.o
    0x0800ed48   0x00000c34   Code   RO         1714    .text               usmart.o
    0x0800f97c   0x00000528   Code   RO         1759    .text               usmart_str.o
    0x0800fea4   0x00000826   Code   RO         1779    .text               button.o
    0x080106ca   0x00000002   PAD
    0x080106cc   0x000018dc   Code   RO         1849    .text               gui.o
    0x08011fa8   0x000008b0   Code   RO         1882    .text               listbox.o
    0x08012858   0x0000071e   Code   RO         1947    .text               scrollbar.o
    0x08012f76   0x00000002   PAD
    0x08012f78   0x0000076c   Code   RO         1970    .text               window.o
    0x080136e4   0x0000022c   Code   RO         1991    .text               malloc.o
    0x08013910   0x00000200   Code   RO         2053    .text               diskio.o
    0x08013b10   0x0000329a   Code   RO         2077    .text               ff.o
    0x08016daa   0x00000002   PAD
    0x08016dac   0x000000b4   Code   RO         2096    .text               cc936.o
    0x08016e60   0x0000060c   Code   RO         2121    .text               exfuns.o
    0x0801746c   0x000005e0   Code   RO         2150    .text               fontupd.o
    0x08017a4c   0x000002d4   Code   RO         2179    .text               text.o
    0x08017d20   0x0000088c   Code   RO         2199    .text               bmp.o
    0x080185ac   0x00000ea0   Code   RO         2219    .text               gif.o
    0x0801944c   0x000002c4   Code   RO         2246    .text               piclib.o
    0x08019710   0x00001270   Code   RO         2272    .text               tjpgd.o
    0x0801a980   0x000019d4   Code   RO         2312    .text               setting.o
    0x0801c354   0x00001e48   Code   RO         2339    .text               calendar.o
    0x0801e19c   0x000008dc   Code   RO         2364    .text               display.o
    0x0801ea78   0x00001698   Code   RO         2390    .text               spb.o
    0x08020110   0x000003a0   Code   RO         2420    .text               mynotice.o
    0x080204b0   0x00000110   Code   RO         2440    .text               file.o
    0x080205c0   0x00000904   Code   RO         2468    .text               alarm.o
    0x08020ec4   0x00000a58   Code   RO         2504    .text               mp3play.o
    0x0802191c   0x00000534   Code   RO         2538    .text               bitstream.o
    0x08021e50   0x00000196   Code   RO         2566    .text               buffers.o
    0x08021fe6   0x00000002   PAD
    0x08021fe8   0x00000d2c   Code   RO         2584    .text               dct32.o
    0x08022d14   0x000002a0   Code   RO         2598    .text               dequant.o
    0x08022fb4   0x00000446   Code   RO         2613    .text               dqchan.o
    0x080233fa   0x00000002   PAD
    0x080233fc   0x00000720   Code   RO         2627    .text               huffman.o
    0x08023b1c   0x0000102c   Code   RO         2652    .text               imdct.o
    0x08024b48   0x0000049c   Code   RO         2669    .text               mp3dec.o
    0x08024fe4   0x0000058e   Code   RO         2693    .text               scalfact.o
    0x08025572   0x00000002   PAD
    0x08025574   0x00000624   Code   RO         2707    .text               stproc.o
    0x08025b98   0x00000114   Code   RO         2719    .text               subband.o
    0x08025cac   0x00000016   Code   RO         2744    .text               asmmisc_rvds.o
    0x08025cc2   0x00000002   PAD
    0x08025cc4   0x0000080e   Code   RO         2748    .text               asmpoly_thumb2_rvds.o
    0x080264d2   0x00000002   Code   RO         2754    .text               c_w.l(use_no_semi_2.o)
    0x080264d4   0x00000048   Code   RO         2756    .text               c_w.l(llsdiv.o)
    0x0802651c   0x00000018   Code   RO         2760    .text               c_w.l(noretval__2printf.o)
    0x08026534   0x0000004e   Code   RO         2764    .text               c_w.l(_printf_pad.o)
    0x08026582   0x00000052   Code   RO         2766    .text               c_w.l(_printf_str.o)
    0x080265d4   0x00000078   Code   RO         2768    .text               c_w.l(_printf_dec.o)
    0x0802664c   0x00000058   Code   RO         2773    .text               c_w.l(_printf_hex_int.o)
    0x080266a4   0x00000188   Code   RO         2808    .text               c_w.l(__printf_flags_ss_wp.o)
    0x0802682c   0x00000048   Code   RO         2819    .text               c_w.l(strcpy.o)
    0x08026874   0x0000003e   Code   RO         2821    .text               c_w.l(strlen.o)
    0x080268b2   0x00000096   Code   RO         2823    .text               c_w.l(strncmp.o)
    0x08026948   0x00000018   Code   RO         2825    .text               c_w.l(strcat.o)
    0x08026960   0x0000008a   Code   RO         2827    .text               c_w.l(rt_memcpy_v6.o)
    0x080269ea   0x00000084   Code   RO         2829    .text               c_w.l(rt_memmove_v6.o)
    0x08026a6e   0x00000044   Code   RO         2831    .text               c_w.l(rt_memclr.o)
    0x08026ab2   0x00000056   Code   RO         2833    .text               c_w.l(strncpy.o)
    0x08026b08   0x00000080   Code   RO         2835    .text               c_w.l(strcmpv7m.o)
    0x08026b88   0x00000006   Code   RO         2837    .text               c_w.l(heapauxi.o)
    0x08026b8e   0x00000002   Code   RO         2909    .text               c_w.l(use_no_semi.o)
    0x08026b90   0x000000ee   Code   RO         2912    .text               c_w.l(lludivv7m.o)
    0x08026c7e   0x00000016   Code   RO         2914    .text               c_w.l(_rserrno.o)
    0x08026c94   0x000000b2   Code   RO         2916    .text               c_w.l(_printf_intcommon.o)
    0x08026d46   0x0000002c   Code   RO         2918    .text               c_w.l(_printf_char.o)
    0x08026d72   0x00000002   PAD
    0x08026d74   0x00000024   Code   RO         2920    .text               c_w.l(_printf_char_file.o)
    0x08026d98   0x00000064   Code   RO         2923    .text               c_w.l(rt_memcpy_w.o)
    0x08026dfc   0x0000007a   Code   RO         2925    .text               c_w.l(rt_memmove_w.o)
    0x08026e76   0x0000004e   Code   RO         2927    .text               c_w.l(rt_memclr_w.o)
    0x08026ec4   0x00000008   Code   RO         2992    .text               c_w.l(rt_errno_addr_intlibspace.o)
    0x08026ecc   0x00000030   Code   RO         2994    .text               c_w.l(_printf_char_common.o)
    0x08026efc   0x00000008   Code   RO         2996    .text               c_w.l(ferror.o)
    0x08026f04   0x00000008   Code   RO         3010    .text               c_w.l(libspace.o)
    0x08026f0c   0x0000004a   Code   RO         3013    .text               c_w.l(sys_stackheap_outer.o)
    0x08026f56   0x0000000c   Code   RO         3019    .text               c_w.l(exit.o)
    0x08026f62   0x00000030   Code   RO         3006    i.__ARM_fpclassify  m_wm.l(fpclassify.o)
    0x08026f92   0x00000006   PAD
    0x08026f98   0x000000c8   Code   RO         2873    i.__hardfp_cos      m_wm.l(cos.o)
    0x08027060   0x000000c8   Code   RO         2885    i.__hardfp_sin      m_wm.l(sin.o)
    0x08027128   0x0000007a   Code   RO         2897    i.__hardfp_sqrt     m_wm.l(sqrt.o)
    0x080271a2   0x00000006   PAD
    0x080271a8   0x00000438   Code   RO         2959    i.__ieee754_rem_pio2  m_wm.l(rred.o)
    0x080275e0   0x00000170   Code   RO         2942    i.__kernel_cos      m_wm.l(cos_i.o)
    0x08027750   0x000000f8   Code   RO         3008    i.__kernel_poly     m_wm.l(poly.o)
    0x08027848   0x00000130   Code   RO         2964    i.__kernel_sin      m_wm.l(sin_i.o)
    0x08027978   0x00000014   Code   RO         2946    i.__mathlib_dbl_infnan  m_wm.l(dunder.o)
    0x0802798c   0x00000004   PAD
    0x08027990   0x00000020   Code   RO         2948    i.__mathlib_dbl_invalid  m_wm.l(dunder.o)
    0x080279b0   0x00000020   Code   RO         2951    i.__mathlib_dbl_underflow  m_wm.l(dunder.o)
    0x080279d0   0x0000000e   Code   RO         2801    i._is_digit         c_w.l(__printf_wp.o)
    0x080279de   0x00000018   Code   RO         3002    i.fabs              m_wm.l(fabs.o)
    0x080279f6   0x00000018   Code   RO         2929    x$fpl$basic         fz_wm.l(basic.o)
    0x08027a0e   0x00000002   PAD
    0x08027a10   0x00000150   Code   RO         2841    x$fpl$dadd          fz_wm.l(daddsub_clz.o)
    0x08027b60   0x00000018   Code   RO         2931    x$fpl$dcmpinf       fz_wm.l(dcmpi.o)
    0x08027b78   0x000002b0   Code   RO         2848    x$fpl$ddiv          fz_wm.l(ddiv.o)
    0x08027e28   0x0000005e   Code   RO         2851    x$fpl$dfix          fz_wm.l(dfix.o)
    0x08027e86   0x00000002   PAD
    0x08027e88   0x0000005a   Code   RO         2855    x$fpl$dfixu         fz_wm.l(dfixu.o)
    0x08027ee2   0x0000002e   Code   RO         2860    x$fpl$dflt          fz_wm.l(dflt_clz.o)
    0x08027f10   0x00000026   Code   RO         2859    x$fpl$dfltu         fz_wm.l(dflt_clz.o)
    0x08027f36   0x00000002   PAD
    0x08027f38   0x00000078   Code   RO         2865    x$fpl$dleqf         fz_wm.l(dleqf.o)
    0x08027fb0   0x00000154   Code   RO         2867    x$fpl$dmul          fz_wm.l(dmul.o)
    0x08028104   0x0000009c   Code   RO         2933    x$fpl$dnaninf       fz_wm.l(dnaninf.o)
    0x080281a0   0x0000000c   Code   RO         2935    x$fpl$dretinf       fz_wm.l(dretinf.o)
    0x080281ac   0x0000006c   Code   RO         2869    x$fpl$drleqf        fz_wm.l(drleqf.o)
    0x08028218   0x00000016   Code   RO         2842    x$fpl$drsb          fz_wm.l(daddsub_clz.o)
    0x0802822e   0x00000002   PAD
    0x08028230   0x00000198   Code   RO         2937    x$fpl$dsqrt         fz_wm.l(dsqrt_umaal.o)
    0x080283c8   0x000001d4   Code   RO         2843    x$fpl$dsub          fz_wm.l(daddsub_clz.o)
    0x0802859c   0x00000056   Code   RO         2871    x$fpl$f2d           fz_wm.l(f2d.o)
    0x080285f2   0x0000008c   Code   RO         2939    x$fpl$fnaninf       fz_wm.l(fnaninf.o)
    0x0802867e   0x0000000a   Code   RO         3093    x$fpl$fpinit        fz_wm.l(fpinit.o)
    0x08028688   0x00000000   Code   RO         2941    x$fpl$usenofp       fz_wm.l(usenofp.o)
    0x08028688   0x000017c0   Data   RO          420    .constdata          lcd.o
    0x08029e48   0x0000000a   Data   RO          670    .constdata          ft5206.o
    0x08029e52   0x000000c2   Data   RO          694    .constdata          gt9147.o
    0x08029f14   0x0000000a   Data   RO          718    .constdata          ott2001a.o
    0x08029f1e   0x00000002   PAD
    0x08029f20   0x00000004   Data   RO          742    .constdata          touch.o
    0x08029f24   0x0000000c   Data   RO          770    .constdata          rtc.o
    0x08029f30   0x0000006e   Data   RO          871    .constdata          i2s.o
    0x08029f9e   0x00000002   PAD
    0x08029fa0   0x0000001c   Data   RO         1038    .constdata          stm32f4xx_fsmc.o
    0x08029fbc   0x00006554   Data   RO         1851    .constdata          gui.o
    0x08030510   0x00000030   Data   RO         1948    .constdata          scrollbar.o
    0x08030540   0x00000024   Data   RO         1997    .constdata          malloc.o
    0x08030564   0x0000003a   Data   RO         2079    .constdata          ff.o
    0x0803059e   0x0002acc8   Data   RO         2097    .constdata          cc936.o
    0x0805b266   0x00000002   PAD
    0x0805b268   0x00000070   Data   RO         2123    .constdata          exfuns.o
    0x0805b2d8   0x00000010   Data   RO         2152    .constdata          fontupd.o
    0x0805b2e8   0x00000028   Data   RO         2220    .constdata          gif.o
    0x0805b310   0x000004c0   Data   RO         2273    .constdata          tjpgd.o
    0x0805b7d0   0x00000010   Data   RO         2313    .constdata          setting.o
    0x0805b7e0   0x00000020   Data   RO         2340    .constdata          calendar.o
    0x0805b800   0x0000003c   Data   RO         2365    .constdata          display.o
    0x0805b83c   0x000001cc   Data   RO         2392    .constdata          spb.o
    0x0805ba08   0x00000014   Data   RO         2441    .constdata          file.o
    0x0805ba1c   0x000000c0   Data   RO         2585    .constdata          dct32.o
    0x0805badc   0x00000250   Data   RO         2614    .constdata          dqchan.o
    0x0805bd2c   0x00002304   Data   RO         2639    .constdata          hufftabs.o
    0x0805e030   0x00000078   Data   RO         2653    .constdata          imdct.o
    0x0805e0a8   0x000004fe   Data   RO         2681    .constdata          mp3tabs.o
    0x0805e5a6   0x00000068   Data   RO         2694    .constdata          scalfact.o
    0x0805e60e   0x00000002   PAD
    0x0805e610   0x0000086c   Data   RO         2731    .constdata          trigtabs.o
    0x0805ee7c   0x00000028   Data   RO         2774    .constdata          c_w.l(_printf_hex_int.o)
    0x0805eea4   0x00000011   Data   RO         2809    .constdata          c_w.l(__printf_flags_ss_wp.o)
    0x0805eeb5   0x00000003   PAD
    0x0805eeb8   0x00000030   Data   RO         2943    .constdata          m_wm.l(cos_i.o)
    0x0805eee8   0x000000c8   Data   RO         2961    .constdata          m_wm.l(rred.o)
    0x0805efb0   0x00000028   Data   RO         2965    .constdata          m_wm.l(sin_i.o)
    0x0805efd8   0x0000005c   Data   RO            4    .conststring        main.o
    0x0805f034   0x00000079   Data   RO          743    .conststring        touch.o
    0x0805f0ad   0x00000003   PAD
    0x0805f0b0   0x00000028   Data   RO         1715    .conststring        usmart.o
    0x0805f0d8   0x0000012a   Data   RO         1738    .conststring        usmart_config.o
    0x0805f202   0x00000002   PAD
    0x0805f204   0x00000025   Data   RO         1852    .conststring        gui.o
    0x0805f229   0x00000003   PAD
    0x0805f22c   0x00000040   Data   RO         2124    .conststring        exfuns.o
    0x0805f26c   0x0000005f   Data   RO         2153    .conststring        fontupd.o
    0x0805f2cb   0x00000001   PAD
    0x0805f2cc   0x0000007e   Data   RO         2314    .conststring        setting.o
    0x0805f34a   0x00000002   PAD
    0x0805f34c   0x00000007   Data   RO         2341    .conststring        calendar.o
    0x0805f353   0x00000001   PAD
    0x0805f354   0x00000077   Data   RO         2366    .conststring        display.o
    0x0805f3cb   0x00000001   PAD
    0x0805f3cc   0x00000935   Data   RO         2393    .conststring        spb.o
    0x0805fd01   0x00000003   PAD
    0x0805fd04   0x000000a0   Data   RO         2442    .conststring        file.o
    0x0805fda4   0x000000fc   Data   RO         2470    .conststring        alarm.o
    0x0805fea0   0x00000020   Data   RO         3150    Region$$Table       anon$$obj.o


    Execution Region RW_IRAM1 (Base: 0x20000000, Size: 0x0001fa90, Max: 0x00020000, ABSOLUTE, COMPRESSED[0x00000124])

    Base Addr    Size         Type   Attr      Idx    E Section Name        Object

    0x20000000   0x00000015   Data   RW            5    .data               main.o
    0x20000015   0x00000003   PAD
    0x20000018   0x00000014   Data   RW          372    .data               system_stm32f4xx.o
    0x2000002c   0x00000001   Data   RW          398    .data               key.o
    0x2000002d   0x00000001   PAD
    0x2000002e   0x00000004   Data   RW          421    .data               lcd.o
    0x20000032   0x00000002   PAD
    0x20000034   0x00000010   Data   RW          478    .data               sdio_sdcard.o
    0x20000044   0x00000002   Data   RW          555    .data               w25qxx.o
    0x20000046   0x00000003   Data   RW          621    .data               tpad.o
    0x20000049   0x00000001   Data   RW          671    .data               ft5206.o
    0x2000004a   0x00000001   Data   RW          695    .data               gt9147.o
    0x2000004b   0x00000001   Data   RW          719    .data               ott2001a.o
    0x2000004c   0x00000036   Data   RW          744    .data               touch.o
    0x20000082   0x00000018   Data   RW          771    .data               rtc.o
    0x2000009a   0x00000002   PAD
    0x2000009c   0x00000004   Data   RW          838    .data               spblcd.o
    0x200000a0   0x00000004   Data   RW          872    .data               i2s.o
    0x200000a4   0x00000074   Data   RW          898    .data               wm8978.o
    0x20000118   0x00000004   Data   RW          920    .data               delay.o
    0x2000011c   0x00000006   Data   RW          961    .data               usart.o
    0x20000122   0x00000010   Data   RW         1061    .data               stm32f4xx_rcc.o
    0x20000132   0x00000002   PAD
    0x20000134   0x0000001c   Data   RW         1716    .data               usmart.o
    0x20000150   0x00000134   Data   RW         1739    .data               usmart_config.o
    0x20000284   0x0000000e   Data   RW         1853    .data               gui.o
    0x20000292   0x00000001   Data   RW         1883    .data               listbox.o
    0x20000293   0x00000001   PAD
    0x20000294   0x00000024   Data   RW         1998    .data               malloc.o
    0x200002b8   0x00000002   Data   RW         2054    .data               diskio.o
    0x200002ba   0x00000002   Data   RW         2080    .data               ff.o
    0x200002bc   0x00000014   Data   RW         2125    .data               exfuns.o
    0x200002d0   0x00000001   Data   RW         2221    .data               gif.o
    0x200002d1   0x00000003   PAD
    0x200002d4   0x0000000c   Data   RW         2274    .data               tjpgd.o
    0x200002e0   0x00000021   Data   RW         2342    .data               calendar.o
    0x20000301   0x00000003   PAD
    0x20000304   0x00000010   Data   RW         2443    .data               file.o
    0x20000314   0x00000024   Data   RW         2471    .data               alarm.o
    0x20000338   0x0000001c   Data   RW         2506    .data               mp3play.o
    0x20000354   0x0000000e   Zero   RW          419    .bss                lcd.o
    0x20000362   0x00000006   PAD
    0x20000368   0x000002c0   Zero   RW          477    .bss                sdio_sdcard.o
    0x20000628   0x00001000   Zero   RW          554    .bss                w25qxx.o
    0x20001628   0x000000c8   Zero   RW          960    .bss                usart.o
    0x200016f0   0x0000001d   Zero   RW         1850    .bss                gui.o
    0x2000170d   0x00000013   PAD
    0x20001720   0x0001a900   Zero   RW         1996    .bss                malloc.o
    0x2001c020   0x0000000c   Zero   RW         2078    .bss                ff.o
    0x2001c02c   0x00000050   Zero   RW         2122    .bss                exfuns.o
    0x2001c07c   0x00000021   Zero   RW         2151    .bss                fontupd.o
    0x2001c09d   0x00000003   PAD
    0x2001c0a0   0x0000003c   Zero   RW         2247    .bss                piclib.o
    0x2001c0dc   0x0000011c   Zero   RW         2391    .bss                spb.o
    0x2001c1f8   0x00000028   Zero   RW         2469    .bss                alarm.o
    0x2001c220   0x00003210   Zero   RW         2505    .bss                mp3play.o
    0x2001f430   0x00000060   Zero   RW         3011    .bss                c_w.l(libspace.o)
    0x2001f490   0x00000200   Zero   RW          989    HEAP                startup_stm32f40_41xxx.o
    0x2001f690   0x00000400   Zero   RW          988    STACK               startup_stm32f40_41xxx.o



  Load Region LR$$.ARM.__AT_0x10000000 (Base: 0x10000000, Size: 0x00000000, Max: 0x0000f000, ABSOLUTE)

    Execution Region ER$$.ARM.__AT_0x10000000 (Base: 0x10000000, Size: 0x0000f000, Max: 0x0000f000, ABSOLUTE, UNINIT)

    Base Addr    Size         Type   Attr      Idx    E Section Name        Object

    0x10000000   0x0000f000   Zero   RW         1992    .ARM.__AT_0x10000000  malloc.o



  Load Region LR$$.ARM.__AT_0x1000F000 (Base: 0x1000f000, Size: 0x00000000, Max: 0x00000f00, ABSOLUTE)

    Execution Region ER$$.ARM.__AT_0x1000F000 (Base: 0x1000f000, Size: 0x00000f00, Max: 0x00000f00, ABSOLUTE, UNINIT)

    Base Addr    Size         Type   Attr      Idx    E Section Name        Object

    0x1000f000   0x00000f00   Zero   RW         1993    .ARM.__AT_0x1000F000  malloc.o



  Load Region LR$$.ARM.__AT_0x68000000 (Base: 0x68000000, Size: 0x00000000, Max: 0x000f0000, ABSOLUTE)

    Execution Region ER$$.ARM.__AT_0x68000000 (Base: 0x68000000, Size: 0x000f0000, Max: 0x000f0000, ABSOLUTE, UNINIT)

    Base Addr    Size         Type   Attr      Idx    E Section Name        Object

    0x68000000   0x000f0000   Zero   RW         1994    .ARM.__AT_0x68000000  malloc.o



  Load Region LR$$.ARM.__AT_0x680F0000 (Base: 0x680f0000, Size: 0x00000000, Max: 0x0000f000, ABSOLUTE)

    Execution Region ER$$.ARM.__AT_0x680F0000 (Base: 0x680f0000, Size: 0x0000f000, Max: 0x0000f000, ABSOLUTE, UNINIT)

    Base Addr    Size         Type   Attr      Idx    E Section Name        Object

    0x680f0000   0x0000f000   Zero   RW         1995    .ARM.__AT_0x680F0000  malloc.o


==============================================================================

Image component sizes


      Code (inc. data)   RO Data    RW Data    ZI Data      Debug   Object Name

       378          0          0          0          0       2770   24cxx.o
       432         48          0          0          0       1484   adc.o
      2308        382        252         36         40       5860   alarm.o
        22          0          0          0          0        480   asmmisc_rvds.o
      2062          0          0          0          0        660   asmpoly_thumb2_rvds.o
        64          4          0          0          0        580   beep.o
      1332         26          0          0          0      10009   bitstream.o
      2188         24          0          0          0       5266   bmp.o
       406          0          0          0          0       2108   buffers.o
      2086         10          0          0          0       5248   button.o
      7752        206         39         33          0       4320   calendar.o
       180         18     175304          0          0       2433   cc936.o
       596         24          0          0          0       2113   ctiic.o
      3372         10        192          0          0       4602   dct32.o
       260          8          0          4          0       1541   delay.o
       672          4          0          0          0       1970   dequant.o
       512          8          0          2          0       4458   diskio.o
      2268        304        179          0          0       3085   display.o
      1094         36        592          0          0       3770   dqchan.o
      1548         24        176         20         80       5709   exfuns.o
         0          0          0          0          0       2592   fattester.o
     12954        136         58          2         12      34914   ff.o
       272         36        180         16          0       1597   file.o
      1504        158        111          0         33       4356   fontupd.o
       812         40         10          1          0       2635   ft5206.o
      3744         24         40          1          0      10186   gif.o
      1096         78        194          1          0       3174   gt9147.o
      6364        124      25977         14         29      24188   gui.o
      1824         24          0          0          0       5581   huffman.o
         0          0       8964          0          0       5796   hufftabs.o
       788         28        110          4          0       3546   i2s.o
      4140         56        120          0          0       9457   imdct.o
       260         12          0          1          0        920   key.o
     19584        174       6080          4         14      22534   lcd.o
        64          4          0          0          0        579   led.o
      2224         14          0          1          0       4280   listbox.o
       420         84         92         21          0     362945   main.o
       556         18         36         36    1218560       5053   malloc.o
       224         20          0          0          0       1921   misc.o
      1180          4          0          0          0       4386   mp3dec.o
      2648        566          0         28      12816       7905   mp3play.o
         0          0       1278          0          0       2089   mp3tabs.o
       604         14          0          0          0       1948   myiic.o
       928        112          0          0          0       1784   mynotice.o
       904         66         10          1          0       2823   ott2001a.o
       708         34          0          0         60       4875   piclib.o
       696         18         12         24          0       3948   rtc.o
      1422          8        104          0          0       3886   scalfact.o
      1822          8         48          0          0       5621   scrollbar.o
      7520        282          0         16        704      25177   sdio_sdcard.o
      6612        238        142          0          0       8451   setting.o
      5784        152       2817          0        284       8149   spb.o
       560         26          0          4          0       2841   spblcd.o
       280          8          0          0          0       1109   spi.o
       796         20          0          0          0       2421   sram.o
        64         26        392          0       1536        872   startup_stm32f40_41xxx.o
      1124         24          0          0          0      10594   stm32f4xx_adc.o
       936         32          0          0          0       6401   stm32f4xx_dma.o
       272         10          0          0          0       2367   stm32f4xx_exti.o
      1480         18         28          0          0       5770   stm32f4xx_fsmc.o
       660         44          0          0          0       4201   stm32f4xx_gpio.o
        26          0          0          0          0       1274   stm32f4xx_it.o
       364         12          0          0          0       3787   stm32f4xx_pwr.o
      1628         52          0         16          0      13036   stm32f4xx_rcc.o
      3432         44          0          0          0      15164   stm32f4xx_rtc.o
       476         16          0          0          0       7492   stm32f4xx_sdio.o
      1152         36          0          0          0       6949   stm32f4xx_spi.o
      3234         60          0          0          0      22404   stm32f4xx_tim.o
      1108         34          0          0          0       7900   stm32f4xx_usart.o
      1572         16          0          0          0       4067   stproc.o
       276          4          0          0          0       1263   subband.o
        16          0          0          0          0        524   sys.o
       528         46          0         20          0       1935   system_stm32f4xx.o
       724         16          0          0          0       3080   text.o
      4720         70       1216         12          0      17227   tjpgd.o
      4320        228        125         54          0       6873   touch.o
       640         38          0          3          0       2547   tpad.o
         0          0       2156          0          0       1052   trigtabs.o
       328         16          0          6        200       3434   usart.o
      3124       1286         40         28          0       4522   usmart.o
         0          0        298        308          0       1676   usmart_config.o
      1320         12          0          0          0       5269   usmart_str.o
       904         34          0          2       4096       4497   w25qxx.o
      1900         32          0          0          0       4517   window.o
      1060         12          0        116          0       5653   wm8978.o

    ----------------------------------------------------------------------
    156234       5940     227428        852    1238492     838480   Object Totals
         0          0         32          0          0          0   (incl. Generated)
        20          0         24         17         28          0   (incl. Padding)

    ----------------------------------------------------------------------

      Code (inc. data)   RO Data    RW Data    ZI Data      Debug   Library Member Name

        90          0          0          0          0          0   __dczerorl2.o
         8          0          0          0          0         68   __main.o
       392          4         17          0          0         92   __printf_flags_ss_wp.o
        14          0          0          0          0         68   __printf_wp.o
         0          0          0          0          0          0   __rtentry.o
        12          0          0          0          0          0   __rtentry2.o
         6          0          0          0          0          0   __rtentry4.o
        52          8          0          0          0          0   __scatter.o
        28          0          0          0          0          0   __scatter_zi.o
         6          0          0          0          0          0   _printf_c.o
        44          0          0          0          0        108   _printf_char.o
        48          6          0          0          0         96   _printf_char_common.o
        36          4          0          0          0         80   _printf_char_file.o
         6          0          0          0          0          0   _printf_d.o
       120         16          0          0          0         92   _printf_dec.o
        88          4         40          0          0         88   _printf_hex_int.o
       178          0          0          0          0         88   _printf_intcommon.o
        78          0          0          0          0        108   _printf_pad.o
         0          0          0          0          0          0   _printf_percent.o
         4          0          0          0          0          0   _printf_percent_end.o
         6          0          0          0          0          0   _printf_s.o
        82          0          0          0          0         80   _printf_str.o
         6          0          0          0          0          0   _printf_u.o
         6          0          0          0          0          0   _printf_x.o
        22          0          0          0          0        100   _rserrno.o
        12          0          0          0          0         72   exit.o
         8          0          0          0          0         68   ferror.o
         6          0          0          0          0        152   heapauxi.o
         2          0          0          0          0          0   libinit.o
         6          0          0          0          0          0   libinit2.o
         2          0          0          0          0          0   libshutdown.o
         2          0          0          0          0          0   libshutdown2.o
         8          4          0          0         96         68   libspace.o
        72          0          0          0          0         76   llsdiv.o
       238          0          0          0          0        100   lludivv7m.o
        24          4          0          0          0         84   noretval__2printf.o
         8          4          0          0          0         68   rt_errno_addr_intlibspace.o
        68          0          0          0          0         68   rt_memclr.o
        78          0          0          0          0         80   rt_memclr_w.o
       138          0          0          0          0         68   rt_memcpy_v6.o
       100          0          0          0          0         80   rt_memcpy_w.o
       132          0          0          0          0         68   rt_memmove_v6.o
       122          0          0          0          0         80   rt_memmove_w.o
         2          0          0          0          0          0   rtexit.o
        10          0          0          0          0          0   rtexit2.o
        24          0          0          0          0         68   strcat.o
       128          0          0          0          0         68   strcmpv7m.o
        72          0          0          0          0         80   strcpy.o
        62          0          0          0          0         76   strlen.o
       150          0          0          0          0         80   strncmp.o
        86          0          0          0          0         76   strncpy.o
        74          0          0          0          0         80   sys_stackheap_outer.o
         2          0          0          0          0         68   use_no_semi.o
         2          0          0          0          0         68   use_no_semi_2.o
        24          0          0          0          0        164   basic.o
       826         16          0          0          0        492   daddsub_clz.o
        24          0          0          0          0        116   dcmpi.o
       688        140          0          0          0        256   ddiv.o
        94          4          0          0          0        140   dfix.o
        90          4          0          0          0        140   dfixu.o
        84          0          0          0          0        232   dflt_clz.o
       120          4          0          0          0        140   dleqf.o
       340         12          0          0          0        152   dmul.o
       156          4          0          0          0        140   dnaninf.o
        12          0          0          0          0        116   dretinf.o
       108          0          0          0          0        128   drleqf.o
       408         56          0          0          0        168   dsqrt_umaal.o
        86          4          0          0          0        132   f2d.o
       140          4          0          0          0        132   fnaninf.o
        10          0          0          0          0        116   fpinit.o
         0          0          0          0          0          0   usenofp.o
       200         20          0          0          0        164   cos.o
       368         46         48          0          0        200   cos_i.o
        84         16          0          0          0        372   dunder.o
        24          0          0          0          0        124   fabs.o
        48          0          0          0          0        124   fpclassify.o
       248          0          0          0          0        152   poly.o
      1080        142        200          0          0        188   rred.o
       200         20          0          0          0        164   sin.o
       304         24         40          0          0        208   sin_i.o
       122          0          0          0          0        148   sqrt.o

    ----------------------------------------------------------------------
      8886        570        348          0         96       7472   Library Totals
        28          0          3          0          0          0   (incl. Padding)

    ----------------------------------------------------------------------

      Code (inc. data)   RO Data    RW Data    ZI Data      Debug   Library Name

      2970         54         57          0         96       2864   c_w.l
      3210        248          0          0          0       2764   fz_wm.l
      2678        268        288          0          0       1844   m_wm.l

    ----------------------------------------------------------------------
      8886        570        348          0         96       7472   Library Totals

    ----------------------------------------------------------------------

==============================================================================


      Code (inc. data)   RO Data    RW Data    ZI Data      Debug   

    165120       6510     227776        852    1238588     825540   Grand Totals
    165120       6510     227776        292    1238588     825540   ELF Image Totals (compressed)
    165120       6510     227776        292          0          0   ROM Totals

==============================================================================

    Total RO  Size (Code + RO Data)               392896 ( 383.69kB)
    Total RW  Size (RW Data + ZI Data)           1239440 (1210.39kB)
    Total ROM Size (Code + RO Data + RW Data)     393188 ( 383.97kB)

==============================================================================

